{"schemaVersion":2,"mediaType":"application/vnd.oci.image.manifest.v1+json","config":{"mediaType":"application/vnd.sylabs.data-container.config.v1+json","size":2,"digest":"sha256:44136fa355b3678a1146ad16f7e8649e94fb4fc21fe77e8310c060f61caaff8a"},"layers":[{"mediaType":"application/vnd.sylabs.image.layer.v1.squashfs","size":4096,"digest":"sha256:fc73a4a97b217fcf429b5c3e0297209b396467b2dc5e759c6fad6d31e51c69bc"}]}