{"schemaVersion":2,"mediaType":"application/vnd.oci.image.manifest.v1+json","config":{"mediaType":"application/vnd.oci.empty.v1+json","size":2,"digest":"sha256:44136fa355b3678a1146ad16f7e8649e94fb4fc21fe77e8310c060f61caaff8a"},"layers":[{"mediaType":"application/vnd.oci.image.layer.v1.tar+gzip","size":160,"digest":"sha256:3d4af439a0003c0190f0cac9868e78561fef1adedd2eb155252579ea734b0217"}]}