{"schemaVersion":2,"mediaType":"application/vnd.oci.image.manifest.v1+json","config":{"mediaType":"application/vnd.sylabs.data-container.config.v1+json","size":2,"digest":"sha256:44136fa355b3678a1146ad16f7e8649e94fb4fc21fe77e8310c060f61caaff8a"},"layers":[{"mediaType":"application/vnd.sylabs.image.layer.v1.squashfs","size":4096,"digest":"sha256:3f260f846eb2897c2100c4846ae8cd2722afa0345776c967d0fb8ff551f0a13e"}]}