{"schemaVersion":2,"mediaType":"application/vnd.oci.image.manifest.v1+json","config":{"mediaType":"application/vnd.oci.empty.v1+json","size":2,"digest":"sha256:44136fa355b3678a1146ad16f7e8649e94fb4fc21fe77e8310c060f61caaff8a"},"layers":[{"mediaType":"application/vnd.oci.image.layer.v1.tar+gzip","size":192,"digest":"sha256:d8c17ac3eb003ba5991246d5e5b11c25de17ede79fff279ed8a56e2856202a13"}]}