{"schemaVersion":2,"mediaType":"application/vnd.oci.image.manifest.v1+json","config":{"mediaType":"application/vnd.oci.empty.v1+json","size":2,"digest":"sha256:44136fa355b3678a1146ad16f7e8649e94fb4fc21fe77e8310c060f61caaff8a"},"layers":[{"mediaType":"application/vnd.oci.image.layer.v1.tar+gzip","size":191,"digest":"sha256:adba881a3786c9ff26b9f03cd568a1cf6b836f71a81eb6d7a47e5788b9bd80e5"}]}