{"schemaVersion":2,"mediaType":"application/vnd.oci.image.manifest.v1+json","config":{"mediaType":"application/vnd.oci.empty.v1+json","size":2,"digest":"sha256:44136fa355b3678a1146ad16f7e8649e94fb4fc21fe77e8310c060f61caaff8a"},"layers":[{"mediaType":"application/vnd.oci.image.layer.v1.tar+gzip","size":120,"digest":"sha256:2b4dbdae6bcf92979a3913c564f4249bb0df7d61b8da1700c5da23990625e2d7"}]}