{"schemaVersion":2,"mediaType":"application/vnd.oci.image.manifest.v1+json","config":{"mediaType":"application/vnd.sylabs.data-container.config.v1+json","size":2,"digest":"sha256:44136fa355b3678a1146ad16f7e8649e94fb4fc21fe77e8310c060f61caaff8a"},"layers":[{"mediaType":"application/vnd.sylabs.image.layer.v1.squashfs","size":4096,"digest":"sha256:1a0d922b994d6f8bb93f02afa5c4dd0ce0d6a919a7190f6b6ee405f14987cb99"}]}